------------------------------------------------------------
Timing Analyzer Summary
------------------------------------------------------------

Type  : Slow 1100mV 85C Model Setup 'KEY[0]'
Slack : -5.102
TNS   : -235.374

Type  : Slow 1100mV 85C Model Hold 'KEY[0]'
Slack : 0.496
TNS   : 0.000

Type  : Slow 1100mV 85C Model Minimum Pulse Width 'KEY[0]'
Slack : -0.538
TNS   : -52.246

Type  : Slow 1100mV 0C Model Setup 'KEY[0]'
Slack : -5.232
TNS   : -235.327

Type  : Slow 1100mV 0C Model Hold 'KEY[0]'
Slack : 0.468
TNS   : 0.000

Type  : Slow 1100mV 0C Model Minimum Pulse Width 'KEY[0]'
Slack : -0.538
TNS   : -52.993

Type  : Fast 1100mV 85C Model Setup 'KEY[0]'
Slack : -1.841
TNS   : -74.491

Type  : Fast 1100mV 85C Model Hold 'KEY[0]'
Slack : 0.259
TNS   : 0.000

Type  : Fast 1100mV 85C Model Minimum Pulse Width 'KEY[0]'
Slack : -0.094
TNS   : -6.130

Type  : Fast 1100mV 0C Model Setup 'KEY[0]'
Slack : -1.658
TNS   : -63.813

Type  : Fast 1100mV 0C Model Hold 'KEY[0]'
Slack : 0.231
TNS   : 0.000

Type  : Fast 1100mV 0C Model Minimum Pulse Width 'KEY[0]'
Slack : -0.094
TNS   : -6.181

------------------------------------------------------------
