------------------------------------------------------------
Timing Analyzer Summary
------------------------------------------------------------

Type  : Slow 1100mV 85C Model Setup 'KEY[0]'
Slack : -4.548
TNS   : -80.917

Type  : Slow 1100mV 85C Model Hold 'KEY[0]'
Slack : 0.460
TNS   : 0.000

Type  : Slow 1100mV 85C Model Minimum Pulse Width 'KEY[0]'
Slack : -0.538
TNS   : -19.362

Type  : Slow 1100mV 0C Model Setup 'KEY[0]'
Slack : -4.885
TNS   : -81.358

Type  : Slow 1100mV 0C Model Hold 'KEY[0]'
Slack : 0.489
TNS   : 0.000

Type  : Slow 1100mV 0C Model Minimum Pulse Width 'KEY[0]'
Slack : -0.538
TNS   : -19.727

Type  : Fast 1100mV 85C Model Setup 'KEY[0]'
Slack : -1.366
TNS   : -24.763

Type  : Fast 1100mV 85C Model Hold 'KEY[0]'
Slack : 0.183
TNS   : 0.000

Type  : Fast 1100mV 85C Model Minimum Pulse Width 'KEY[0]'
Slack : -0.092
TNS   : -2.214

Type  : Fast 1100mV 0C Model Setup 'KEY[0]'
Slack : -1.287
TNS   : -21.190

Type  : Fast 1100mV 0C Model Hold 'KEY[0]'
Slack : 0.170
TNS   : 0.000

Type  : Fast 1100mV 0C Model Minimum Pulse Width 'KEY[0]'
Slack : -0.094
TNS   : -2.283

------------------------------------------------------------
